// Jest Snapshot v1, https://goo.gl/fbAQLP

exports[`PinCodeForm should render correctly 1`] = `ShallowWrapper {}`;
